"blank"				"NextWish's Counter-Strike Script"
"blank"				"http://www.nextwish.org"
"blank"				"Version 7.0"
"blank"				" "
"slot1a"			"Menu Item 1"
"slot2a"			"Menu Item 2"
"slot3" 			"Menu Item 3"
"slot4"				"Menu Item 4"
"slot5"				"Menu Item 5"
"slot6"				"Menu Item 6"
"slot7"				"Menu Item 7"
"slot8"				"Menu Item 8"
"slot9"				"Menu Item 9"
"slot10"			"Menu Item 0"
"adjust_crosshair"              "Change Unzoomed X-Hair Color"
"nvg_up"			"Increase NVG Color"
"nvg_down"			"Decrease NVG Color"
"+plant_c4"			"Plant C4"
"radio_c"			"Cycle Radio Menus"
"float_t"                       "Toggle floating in water on and off"
"weap_t"                        "Toggle left/right models"
"crouch_t"                      "Toggle Crouching/Not Crouching"
"radar_t"                       "Toggle Radar Off/On"
"walk_t"                        "Toggle Walking/Running"
"grenselect_t"			"Toggle Grenade Type"
"+throwgren"			"Throw Toggled Grenade"
"bestweap"			"Select Best Weapon"
"+quickstab"			"Quick Knife Stab"
"+quickammo"			"Quick Ammo Key (Optional)"
"buyprime"			"Buy Full Primary Ammo"
"buysecon"			"Buy Full Secondary Ammo"
"buyvest"			"Buy Kevlar Vest"
"buyvest2"			"Buy Kevlar Vest + Helmet"
"buycgren"			"Buy Concussion Grenade"
"buyhegren"			"Buy High Explosive Grenade"
"buysgren"			"Buy Smoke Grenade"
"buydefuser"			"Buy C4 Defuser"
"buynvg"			"Buy Night Vision Goggles"
"bagofitems"			"Buy Kevlar + Defuser + 2 C + 1 HE"
"buyusp"			"Buy P: H&K USP .45 Tactical"
"buyglock18"			"Buy P: Glock18 Select Fire"
"buydeagle"			"Buy P: Desert Eagle .50AE"
"buyp228"			"Buy P: SIG P228"
"buyelite"			"Buy P: Dual Beretta 96G Elite"
"buym3"				"Buy S: Benelli M3 Super90"
"buyxm1014"			"Buy S: Benelli XM1014"
"buymp5"			"Buy SM: H&K MP5-Navy"
"buyp90"			"Buy SM: FN P90"
"buyteamsmall"			"Buy SM: Ingram MAC-10  or Steyr Tactical Machine Pistol"
"buyteamlight"			"Buy R: AK-47 or Colt M4A1 Carbine"
"buyteamheavy"			"Buy R: Steyr Aug or Sig SG-552 Commando"
"buyscout"			"Buy R: Steyr Scout"
"buyawp"			"Buy R: AI Arctic Warfare/Magnum"
"buyg3sg1"			"Buy R: H&K G3/SG-1 Sniper Rifle"
"buym249"			"Buy M: FN M249 Para"
"radio1"			"Standard Radio Messages"
"radio2"			"Group Radio Messages"
"radio3"			"Report Radio Messages"
"r1_cover"			"Radio1: Cover Me"
"r1_you"			"Radio1: You Take The Point"
"r1_hold"			"Radio1: Hold This Position"
"r1_regroup"                    "Radio1: Regroup Team"
"r1_follow"                     "Radio1: Follow Me"
"r1_taking"                     "Radio1: Taking Fire, Need Assistance"
"r2_go"		                "Radio2: Go"
"r2_fall"                       "Radio2: Fall Back"
"r2_stick"                      "Radio2: Stick Together Team"
"r2_get"                        "Radio2: Get In Position"
"r2_storm"                      "Radio2: Storm The Front"
"r2_report"                     "Radio2: Report In"
"r3_roger"                      "Radio3: Affirmative/Roger"
"r3_emenys"                     "Radio3: Enemy Spotted"
"r3_need"                       "Radio3: Need Backup"
"r3_sector"                     "Radio3: Sector Clear"
"r3_im"                         "Radio3: I'm In Position"
"r3_reporting"                  "Radio3: Reporting In"
"r3_shes"                       "Radio3: Shes Gonna Blow"
"r3_negative"                   "Radio3: Negative"
"r3_emenyd"			"Radio3: Emeny Down"
"drop"				"Drop Current Weapon"
"pdrop"				"Drop Primary Weapon"
"sdrop"				"Drop Secondary Weapon"
"c4drop"			"Drop C4"
"buy" 					"Buy Menu (Optional)"
"buyequip"				"Buy Equipment Menu (Optional)"
"chooseteam" 				"Select Team"
"nightvision"				"Turn nightvision on/off"
"+attack"				"Fire"
"+attack2"				"Weapon Special Function"
"+reload"				"Reload weapon"
"invprev"				"Previous weapon (Optional)"
"invnext"				"Next weapon (Optional)"
"lastinv"				"Last used weapon (Optional)"
"+use"					"Use item (buttons, scientists, ...)"
"impulse 100"				"Flashlight"
"impulse 201"				"Spray logo"
"+forward"				"Move forward"
"+back"					"Move back"
"+left"					"Turn left"
"+right"				"Turn right"
"+moveleft"				"Move left (strafe)"
"+moveright"				"Move right (strafe)"
"+speed"             			"Walk"
"+jump"					"Jump"
"+duck"					"Duck"
"+lookup"				"Look up"
"+lookdown"				"Look down"
"+strafe"				"Strafe modifier"
"messagemode"				"Chat message"
"messagemode2"				"Team Chat message"
"snapshot"				"Take screen shot"
"quit"					"Quit game"
