" "				"NextWish's Counter-Strike Script"
" "				"Version 5.2"
" "				" "
"slot10"			"Menu Item 0"
"slot1a"			"Menu Item 1"
"slot2a"			"Menu Item 2"
"slot3" 			"Menu Item 3"
"slot4"				"Menu Item 4"
"slot5"				"Menu Item 5"
"slot6"				"Menu Item 6"
"slot7"				"Menu Item 7"
"slot8"				"Menu Item 8"
"slot9"				"Menu Item 9"
"+plant_c4"			"Plant C4"
"netgraph_t"                    "Toggle netgraph on and off"
"float_t"                       "Toggle floating in water"
"bestweap"			"Select Best Weapon"
"+quickstab"			"Quick Knife Stab"
"grenselect_t"			"Toggle Grenade Type"
"+throwgren"			"Throw Toggled Grenade"
"+quickammo"			"Quick Ammo Key"
"buyvest"			"Buy Kevlar Vest"
"buyvest2"			"Buy Kevlar Vest + Helmet"
"buycgren"			"Buy Concussion Grenade"
"buyhegren"			"Buy High Explosive Grenade"
"buydefuser"			"Buy C4 Defuser"
"bagofitems"			"Buy Kevlar + Defuser + 2 C + 1 HE"
"buyusp"			"Buy P: H&K USP .45 Tactical"
"buyglock18"			"Buy P: Glock18 Select Fire"
"buydeagle"			"Buy P: Desert Eagle .50AE"
"buyp228"			"Buy P: SIG P228"
"buym3"				"Buy S: Benelli M3 Super90"
"buyxm1014"			"Buy S: Benelli XM1014"
"buymp5"			"Buy SM: H&K MP5-Navy"
"buytmp"			"Buy SM: Steyr Tactical Machine Pistol"
"buyp90"			"Buy SM: FN P90"
"buyteamrifle"			"Buy R: AK-47 or Colt M4A1 Carbine"
"buyawp"			"Buy R: AI Arctic Warfare/Magnum"
"buyg3sg1"			"Buy R: H&K G3/SG-1 Sniper Rifle"
"buysg552"			"Buy R: Sig SG-552 Commando"
"buyscout"			"Buy R: Steyr Scout"
"buym249"			"Buy M: FN M249 Para"
"r1_cover"			"Radio1: Cover Me"
"r1_you"			"Radio1: You Take The Point"
"r1_hold"			"Radio1: Hold This Position"
"r1_circle"                     "Radio1: Circle Around Back"
"r1_follow"                     "Radio1: Follow Me"
"r1_meet"                       "Radio1: Meet At The Rendezvous Point"
"r2_go"		                "Radio2: Go"
"r2_fall"                       "Radio2: Fall Back"
"r2_stick"                      "Radio2: Stick Together Team"
"r2_get"                        "Radio2: Get In Position"
"r2_storm"                      "Radio2: Storm The Front"
"r2_report"                     "Radio2: Report In"
"r3_roger"                      "Radio3: Affirmative/Roger"
"r3_emeny"                      "Radio3: Enemy Spotted"
"r3_need"                       "Radio3: Need Backup"
"r3_sector"                     "Radio3: Sector Clear"
"r3_im"                         "Radio3: I'm In Position"
"r3_reporting"                  "Radio3: Reporting In"
"r3_shes"                       "Radio3: Shes Gonna Blow"
"r3_negative"                   "Radio3: Negative"
"buy" 					"Buy Menu (Optional)"
"chooseteam" 				"Select Team"
"radio1"				"Standard Radio Messages (Optional)"
"radio2"				"Group Radio Messages (Optional)"
"radio3"				"Report Radio Messages (Optional)"
"+attack"				"Fire"
"+attack2"				"Weapon Special Function"
"+reload"				"Reload weapon"
"drop"	 				"Drop Current Weapon"
"invprev"				"Previous weapon (Optional)"
"invnext"				"Next weapon (Optional)"
"lastinv"				"Last used weapon (Optional)"
"+use"					"Use item (buttons, scientists, ...)"
"impulse 100"				"Flashlight"
"impulse 201"				"Spray logo"
"+forward"				"Move forward"
"+back"					"Move back"
"+left"					"Turn left"
"+right"				"Turn right"
"+moveleft"				"Move left (strafe)"
"+moveright"				"Move right (strafe)"
"+speed"             			"Walk"
"+jump"					"Jump"
"+duck"					"Duck"
"+moveup"				"Swim up"
"+movedown"				"Swim down"
"+lookup"				"Look up"
"+lookdown"				"Look down"
"+strafe"				"Strafe modifier"
"messagemode"				"Chat message"
"messagemode2"				"Team Chat message"
"snapshot"				"Take screen shot"
"quit"					"Quit game"