"showfrags_t"                   "Toggle frag count of other players"
"netgraph_t"                    "Toggle netgraph on and off"
"float_t"                       "Toggle floating in water"

"grenselect_t"			"Toggle Grenade Type"
"+throwgren"			"Throw Toggled Grenade"

"+quickammo"			"Quick Ammo Key"

"buyvest"			"Purchase Kevlar Vest"
"buyvest2"			"Purchase Kevlar Vest + Helmet"
"buyflash"			"Purchase Flashbang Grenade"
"buygren"			"Purchase High Explosive Grenade"
"buygoggles"			"Purchase Night Vision Goggles"
"invg"				"Adjust Night Vision Goggles"

"buyusp"			"Purchase P: H&K USP .45 Tactical"
"buyglock18"			"Purchase P: Glock18 Select Fire"
"buydeagle"			"Purchase P: Desert Eagle .50AE"
"buyp228"			"Purchase P: SIG P228"
"buym3"				"Purchase S: Benelli M3 Super90"

"buymp5"			"Purchase SM: H&K MP5-Navy"
"buytmp"			"Purchase SM: Steyr Tactical Machine Pistol"
"buyp90"			"Purchase SM: FN P90"

"buym4a1"			"Purchase R: Colt M4A1 Carbine"
"buyawp"			"Purchase R: AI Arctic Warfare/Magnum"
"buyg3sg1"			"Purchase R: H&K G3/SG-1 Sniper Rifle"
"buysg552"			"Purchase R: Sig SG-552 Commando"
"buyak47"			"Purchase R: AK-47"
"buyscout"			"Purchase R: Steyr Scout"

"buym249"			"Purchase M: FN M249 Para"

"radioroger"                    "Radio: Affirmative/Roger"
"radiobackup"                   "Radio: Need Backup"  
"radiopoint"                    "Radio: Cover me/I'll take point"  
"radioemenyspot"                "Radio: Enemy spotted"  
"radioinpos"                    "Radio: I'm in position"  
"radiogetinpos"                 "Radio: Get in position"    
"radiogo"                       "Radio: Go!"    
"radioreportin"                 "Radio: Report in"   
"radioreportingin"              "Radio: Reporting in"    
                                
"radioimhit"                    "Radio: I'm hit. Need assistance!"    
"radioblow"                     "Radio: She's going to blow!"    
"radiofallback"                 "Radio: Fallback!"  
"radioregroup"                  "Radio: Regroup!"    
"radiosticktog"                 "Radio: Stick together team!"    
"radiosectclear"                "Radio: Sector Clear!"   
"radioemenydwn"                 "Radio: Enemy Down!"    


"buyweapon" 			"Purchase weapon"
"buyammo"   			"Purchase ammunition"
"buyitem" 		        "Purchase items"
"chooseteam" 			"Choose teams" 
"hostage" 			"Rescue hostage"
"showplayerinfo"		"Show Player info"
"throwweapon" 			"Throw Primary gun"
"ignoremessages"		"Ignore Messages"
"nightvision"			"Night Vision Goggles"
"radio1"			"Radio Messages (1/2)"
"radio2"			"Radio Messages (2/2)"
"plant_c4"              	"Plant C4 explosive"


"+forward"			"Move forward"
"+back"				"Move back"
"+left"				"Turn left"
"+right"			"Turn right"
"+moveleft"			"Move left (strafe)"
"+moveright"			"Move right (strafe)"
"+jump"				"Jump"
"+duck"				"Duck"
"+moveup"			"Swim up"
"+movedown"			"Swim down"
"+lookup"			"Look up"
"+lookdown"			"Look down"
"centerview"			"Look straight ahead"
"+strafe"			"Strafe modifier"
"+mlook"			"Mouse look modifier"
"+klook"			"Keyboard look modifier"
"+attack"			"Primary attack"
"+attack2"			"Secondary attack"
"+reload"			"Reload weapon"
"+use"				"Use item (buttons, scientists, ...)"
"+speed"             		"Walk"
"impulse 100"			"Flashlight"
"impulse 201"			"Spray logo"
"slot1"				"Weapon category 1"
"slot2"				"Weapon category 2"
"slot3" 			"Weapon category 3"
"slot4"				"Weapon category 4"
"slot5"				"Weapon category 5"
"invprev"			"Previous weapon"
"invnext"			"Next weapon"
"lastinv"			"Last used weapon"
"+showscores"			"Display multiplayer scores"
"messagemode"			"Chat message"
"snapshot"			"Take screen shot"
"save quick"			"Quick save"
"load quick"			"Quick load"
"pause"				"Pause game"
"quit"				"Quit game"