"blank"				"NextWish's Day Of Defeat Script"
"blank"				"http://www.nextwish.org"
"blank"                         "Version 1.0"
"blank"				" "
"voice_yessir"			"Radio: Yes Sir"
"voice_left"			"Radio: Left"
"voice_right"			"Radio: Right"
"voice_needammo"		"Radio: Need Ammo"
"voice_sniper"			"Radio: Sniper"
"voice_grenade"			"Radio: Grenade"
"voice_medic"			"Radio: Medic"
"voice_dropguns"		"Radio: Drop Your Guns"
"voice_voice_attack"		"Radio: Move Out"
"voice_fallback"		"Radio: Fallback"
"voice_cover"			"Radio: Cover Fire"
"voice_backup"			"Radio: Need Backup"
"voice_flank"			"Radio: Take The Flank"
"voice_takecover"		"Radio: Take Cover"
"voice_hold"			"Radio: Hold This Position"
"blank"				" "
"lightinf; leichtinf"		"Change Class: Light"
"assaultinf; sturmtrup"		"Change Class: Assault"
"sniper; germansniper"		"Change Class: Sniper"
"heavyweapons; heavyweaponsger"	"Change Class: Heavy Weapons"
"blank"				" "
"bestweap"			"Select Best Weapon"
"crouch_t"			"Toggle Crouch/Not Crouching"
"walk_t"			"Toggle Running/Walking"
"+quickslash"			"Quick Knife Stab"
"+throwgren"			"Throw Grenade"
"blank"				" "
"+forward"				"Move forward"
"+back"					"Move back"
"+left"					"Turn left"
"+right"				"Turn right"
"+moveleft"				"Move left (strafe)"
"+moveright"				"Move right (strafe)"
"+jump"					"Jump"
"+duck"					"Duck"
"prone"					"Prone"
"changeclass"				"Change Class"
"changeteam"				"Change Team"
"+moveup"				"Swim up"
"+movedown"				"Swim down"
"+lookup"				"Look up"
"+lookdown"				"Look down"
"centerview"				"Look straight ahead"
"+strafe"				"Strafe modifier"
"+mlook"				"Mouse look modifier"
"+klook"				"Keyboard look modifier"
"+attack"				"Primary attack"
"+attack2"				"Secondary attack"
"+reload"				"Reload weapon"
"+use"					"Use item / Pick up Grenades"
"+commandmenu"				"Command menu"
"voice_menu1"				"Voice menu 1"
"voice_menu2"				"Voice menu 2"
"dropammo"				"Drop Current Ammo"
"stopbleed"				"Stop yourself from bleeding"
"+speed"           			"Walk"
"impulse 100"				"Flashlight"
"impulse 201"				"Spray logo"
"slot1"					"Weapon category 1"
"slot2"					"Weapon category 2"
"slot3" 				"Weapon category 3"
"slot4"					"Weapon category 4"
"slot5"					"Weapon category 5"
"invprev"				"Previous weapon"
"invnext"				"Next weapon"
"lastinv"				"Last used weapon"
"+showscores"				"Display multiplayer scores"
"messagemode"				"Chat message"
"snapshot"				"Take screen shot"
"save quick"				"Quick save"
"load quick"				"Quick load"
"pause"					"Pause game"
"quit"					"Quit game"