"blank"				"NextWish's Half-Life DM Script"
"blank"				"Version 4.0"
"blank"				" "
"netgraph_c"                    "Toggle Netgraph Modes"
"float_t"                       "Toggle floating in water"
"sjump"				"Super Jump"
"+tripmine"			"Place Tripmine/s"
"+grenade"			"Throw Grenade/s"
"+crowbar"			"Crowbar Skull Thumpin Mode"
"+gaussjump"			"Gauss Jump"
"weapon_357"			"Select Weapon: .357 Magnum Pistol"
"weapon_9mmAR"			"Select Weapon: 9mm Assault Rifle"
"weapon_9mmhandgun"		"Select Weapon: 9mm Pistol"
"weapon_crossbow"		"Select Weapon: Crossbow"
"weapon_crowbar"		"Select Weapon: Crowbar"
"weapon_egon"			"Select Weapon: Egon Gun"
"weapon_gauss"			"Select Weapon: Gauss Gun"
"weapon_handgrenade"		"Select Weapon: Hand Grenades"
"weapon_hornetgun"		"Select Weapon: Hornet Gun"
"weapon_rpg"			"Select Weapon: Rocket Launcher"
"weapon_satchel"		"Select Weapon: Satchel Charge"
"weapon_shotgun"		"Select Weapon: Shotgun"
"weapon_snark"			"Select Weapon: Snarks"
"weapon_tripmine"		"Select Weapon: Tripmines"
"+forward"			"Move forward"
"+back"				"Move back"
"+left"				"Turn left"
"+right"			"Turn right"
"+moveleft"			"Move left (strafe)"
"+moveright"			"Move right (strafe)"
"+jump"				"Jump"
"+duck"				"Duck"
"+moveup"			"Swim up"
"+movedown"			"Swim down"
"+lookup"			"Look up"
"+lookdown"			"Look down"
"centerview"			"Look straight ahead"
"+strafe"			"Strafe modifier"
"+mlook"			"Mouse look modifier"
"+klook"			"Keyboard look modifier"
"+attack"			"Primary attack"
"+attack2"			"Secondary attack"
"+reload"			"Reload weapon"
"+use"				"Use item (buttons, scientists, ...)"
"+speed"             		"Walk"
"impulse 100"			"Flashlight"
"impulse 201"			"Spray logo"
"slot1"				"Weapon category 1"
"slot2"				"Weapon category 2"
"slot3" 			"Weapon category 3"
"slot4"				"Weapon category 4"
"slot5"				"Weapon category 5"
"invprev"			"Previous weapon"
"invnext"			"Next weapon"
"lastinv"			"Last used weapon"
"+showscores"			"Display multiplayer scores"
"messagemode"			"Chat message"
"snapshot"			"Take screen shot"
"save quick"			"Quick save"
"load quick"			"Quick load"
"pause"				"Pause game"
"quit"				"Quit game"