"blank"				"NextWish's Front Line Force Script"
"blank"				"http://www.nextwish.org"
"blank"                         "Version 1.1"
"blank"				" "
"blank"				"//--NWFLF: General"
"float_t"                       "Toggle floating in water on and off"
"crouch_t"                      "Toggle Crouching/Not Crouching"
"walk_t"                        "Toggle Walking/Running"
"bestweap"			"Select Best Weapon"
"+quickslash"                   "Quick Knife Slash"
"blank"				" "
"blank"				"//--NWFLF: Grenades"
"+throwhegren"			"Throw HE Grenade"
"+throwfgren"			"Throw Flashbang"
"grenselect_t"			"Select Toggler Grenade"
"+throwgren"			"Throw Toggled Grenade"
"blank"				" "
"blank"				"//--NWFLF: Radio"
"radiomsg Roger %!ROGER"			"Roger"
"radiomsg Negative %!NEGATIVE"			"Negative"
"radiomsg I'm in position %!POSITION"		"I'm in position"
"radiomsg It's all clear %!CLEAR"		"It's all clear"
"radiomsg I'm on 'em %!ONTHEM"			"I'm on 'em"
"radiomsg Target acquired %!ADQUIRED"		"Target acuired"
"radiomsg You are covered %!COVERED"		"You are covered"
"radiomsg Target Eliminated %!TELIM"		"Target Eliminated"
"radiomsg I got it  %!GOTIT"			"I got it"
"radiomsg Incoming %!INCOMING"			"Incoming"
"radiomsg It's an Ambush %!AMBUSH"		"It's an Ambush"
"radiomsg Fallback %!FALLBACK"			"Fallback"
"radiomsg Get Down %!GETDOWN"			"Get Down"
"radiomsg I need Backup %!BACKUP"		"I need Backup"
"radiomsg Cover me %!COVERME"			"Cover me"
"radiomsg WAIT %!WAIT"				"WAIT"
"radiomsg Stay with your teams %!STAYTEAM"	"Say with your teams"
"radiomsg Spread out %!SPREAD"			"Spread out"
"radiomsg Fallback %!FALLBACK"			"Fallback"
"radiomsg Go Go! %!GOGO"			"Go Go!"
"radiomsg Sniper Spotted %!SNIPER"		"Sniper Spotted"
"radiomsg Target is mobile %!MOBILE"		"Target is mobile"
"radiomsg Check your Six %!CHECK6"		"Check your Six"
"blank"				" "
"blank"				"//--NWFLF: Other"
"slot1"				"Menu Item 1"
"slot2"				"Menu Item 2"
"slot3" 			"Menu Item 3"
"slot4"				"Menu Item 4"
"slot5"				"Menu Item 5"
"slot6"				"Menu Item 6"
"slot7"				"Menu Item 7"
"slot8"				"Menu Item 8"
"slot9"				"Menu Item 9"
"slot10"			"Menu Item 0"
"+commandmenu"			"VGUI Command Menu"
"toggleprone"                   "Toggle Prone"
"drop"				"Drop Current Weapon"
"invprev"			"Previous weapon (Optional)"
"invnext"			"Next weapon (Optional)"
"lastinv"			"Last used weapon (Optional)"
"+use"				"Use item (buttons, scientists, ...)"
"impulse 100"			"Flashlight"
"impulse 201"			"Spray logo"
"+forward"			"Move forward"
"+back"				"Move back"
"+left"				"Turn left"
"+right"			"Turn right"
"+moveleft"			"Move left (strafe)"
"+moveright"			"Move right (strafe)"
"+speed"             		"Walk"
"+jump"				"Jump"
"+duck"				"Duck"
"+lookup"			"Look up"
"+lookdown"			"Look down"
"+strafe"			"Strafe modifier"
"messagemode"			"Chat message"
"messagemode2"			"Team Chat message"
"snapshot"			"Take screen shot"
"quit"				"Quit game"