"blank"				"NextWish's Day Of Defeat Script"
"blank"				"http://www.nextwish.org"
"blank"                         "Version 1.3"
"blank"				" "
"voice_areaclear"		"Radio: Area Clear!"
"voice_fireleft"		"Radio: Fire Left"
"voice_fireright"		"Radio: Fire Right"
"voice_fireinhole"		"Radio: Fire In Hole"
"voice_negative"		"Radio: Negative"
"voice_coverflanks"		"Radio: Cover Flanks"
"voice_sticktogether"		"Radio: Stick Together"
"voice_spreadout"		"Radio: Spreadout"
"voice_dropguns"		"Radio: Drop Your Guns"
"voice_takecover"		"Radio: Take Cover"
"voice_backup"			"Radio: Need Backup"
"voice_needammo"		"Radio: Need Ammo"
"voice_medic"			"Radio: Medic"
"voice_hold"			"Radio: Hold Your Position"
"voice_right"			"Radio: Right"
"voice_left"			"Radio: Left"
"voice_yessir"			"Radio: Yes Sir"
"voice_grenade"			"Radio: Grenade"
"voice_flank"			"Radio: Flank Them"
"voice_cover"			"Radio: Cover"
"voice_fallback"		"Radio: Fallback"
"voice_attack"			"Radio: Attack"
"voice_sniper"			"Radio: Sniper"
		
"blank"				" "
"lightinf; leichtinf"		"Change Class: Light"
"assaultinf; sturmtrup"		"Change Class: Assault"
"sniper; germansniper"		"Change Class: Sniper"
"heavyweapons; heavyweaponsger"	"Change Class: Heavy Weapons"
"blank"				" "
"bestweap"			"Select Best Weapon"
"crouch_t"			"Toggle Crouch/Not Crouching"
"walk_t"			"Toggle Running/Walking"
"+quickslash"			"Quick Knife Stab"
"+throwgren"			"Throw Grenade"
"blank"				" "
"+forward"				"Move forward"
"+back"					"Move back"
"+left"					"Turn left"
"+right"				"Turn right"
"+moveleft"				"Move left (strafe)"
"+moveright"				"Move right (strafe)"
"+jump"					"Jump"
"+duck"					"Duck"
"prone"					"Prone"
"changeclass"				"Change Class"
"changeteam"				"Change Team"
"+moveup"				"Swim up"
"+movedown"				"Swim down"
"+lookup"				"Look up"
"+lookdown"				"Look down"
"centerview"				"Look straight ahead"
"+strafe"				"Strafe modifier"
"+mlook"				"Mouse look modifier"
"+klook"				"Keyboard look modifier"
"+attack"				"Primary attack"
"+attack2"				"Secondary attack"
"+reload"				"Reload weapon"
"+use"					"Use item / Pick up Grenades"
"+commandmenu"				"Command menu"
"voice_menu1"				"Voice menu 1"
"voice_menu2"				"Voice menu 2"
"dropammo"				"Drop Current Ammo"
"stopbleed"				"Stop yourself from bleeding"
"+speed"           			"Walk"
"impulse 100"				"Flashlight"
"impulse 201"				"Spray logo"
"slot1"					"Weapon category 1"
"slot2"					"Weapon category 2"
"slot3" 				"Weapon category 3"
"slot4"					"Weapon category 4"
"slot5"					"Weapon category 5"
"invprev"				"Previous weapon"
"invnext"				"Next weapon"
"lastinv"				"Last used weapon"
"+showscores"				"Display multiplayer scores"
"messagemode"				"Chat message"
"snapshot"				"Take screen shot"
"save quick"				"Quick save"
"load quick"				"Quick load"
"pause"					"Pause game"
"quit"					"Quit game"